https://raw.githubusercontent.com/Joshua-Bonner/PythagoreanTriples/master/PythagoreanTriples.asm
https://raw.githubusercontent.com/Fabrizio-Caruso/Primitive-Pythagorean-Triples/master/PPT.c
https://raw.githubusercontent.com/chapeldev/cdo/master/example/exmysql.chpl
https://raw.githubusercontent.com/lagenorhynque/PythagoreanTripleGenerator/master/pythagorean_triple_generator.clj
https://raw.githubusercontent.com/JulianBirch/cljs-ajax/master/src/ajax/core.cljc
https://raw.githubusercontent.com/yogthos/reagent-pythagorean-tree/master/src/pythagoras_tree/core.cljs
https://gist.githubusercontent.com/rwaldron/1001618/raw/34a2cca1cf4ed0d5ab7b477adfe9892b3ddacba0/ProjectEuler.coffee
https://raw.githubusercontent.com/Pratik-Chhajer/codeforces/master/707C%20-%20Pythagorean%20Triples.cpp
https://raw.githubusercontent.com/MahmoudAlyosify/PythagoreanTriples/main/Pythagorean%20Triples%20-%20Windows%20Form/Pythagorean%20Triples%20-%20Windows%20Form/Form1.cs
https://raw.githubusercontent.com/NikitaShevchik/Pythagorean-triple/master/css/style.css
https://raw.githubusercontent.com/atilaneves/pythagoras/master/generator.d
https://raw.githubusercontent.com/dartsidedev/grind75/main/test/add_binary_test.dart
https://raw.githubusercontent.com/davearonson/exercism-solutions/487b3791ac55592f58d23e2a43d2434317963721/elixir/pythagorean-triplet/pythagorean_triplet.exs
https://raw.githubusercontent.com/bhermanmit/Fortran/master/Lecture_2/examples/pythag.f90
https://raw.githubusercontent.com/Planet-Source-Code/yusuf-simonson-pythagorean-triples-finder__1-27291/master/Form1.frm
https://raw.githubusercontent.com/lopesivan/upstream/51672d47a29b453deaa9b82d8eeb8ade0f437205/RosettaCodeData/Task/Pythagorean-triples/Forth/pythagorean-triples.fth
https://raw.githubusercontent.com/jgeffrard/pythagorean-triples/master/pyth_triple.go
https://raw.githubusercontent.com/paulk-asert/groovy-constraint-programming/3a5a44971f02f42a0868ad8f6b952b30c3fd21e1/subprojects/Pythagorean/src/main/groovy/Choco.groovy
https://raw.githubusercontent.com/zhizhen/thewar/3b5c5369072d9a09afc628d42cad640c7a4fae7c/server/include/common.hrl
https://raw.githubusercontent.com/chemouna/LearningHaskell/7093735f3fd5a1c21dc8d6d0dd245c51ec705d67/src/PythagoreanTriples.hs
https://raw.githubusercontent.com/lexterror/Pythagorean-Numerology-Calculator/master/pnc.html
https://raw.githubusercontent.com/dsernag/CodeabbeySolutions/main/problem054.hy
https://raw.githubusercontent.com/SEUNAKINTOLA/FingerTempToDB/master/sendTemplateToDb.ino
https://raw.githubusercontent.com/rwillim/PythagoreanTriples/master/PythagoreanTriples.ipynb
https://raw.githubusercontent.com/igor-kutepov/codeabbey/master/src/main/java/com/kutepov/samples/codeabbey/PythagoreanTriples.java
https://raw.githubusercontent.com/scheinerman/PythagoreanTriples.jl/main/src/PythagoreanTriples.jl
https://raw.githubusercontent.com/dsernst/pythagorean-triples/master/index.js
https://raw.githubusercontent.com/outsu/Pythagorean-Triples-Algorithm/main/pythagorean_triple.m
https://raw.githubusercontent.com/sblendorio/pythagorean-triples/master/source/pythagor.mod
https://raw.githubusercontent.com/ISS-RabbitEars/pythagorean_triples_mathematica/main/pythtrip.nb
https://raw.githubusercontent.com/Simonecimolato/Triples/master/pitagora.pde
https://raw.githubusercontent.com/Ihor-B/PHP-OOP-Counting-Pythagorean-Triples/master/classes/counting.php
https://gist.githubusercontent.com/jmervine/16dbd9f599d201106712/raw/528ddc0f68efea1f441db69966adde066e40c0f6/p.pl
https://raw.githubusercontent.com/VFPX/FoxUnit/master/FoxUnit/Tests/ThorTest.prg
https://raw.githubusercontent.com/pastelito02/Challenges-sol/master/Programming/Codeabbey/054/tomw.py
https://raw.githubusercontent.com/geekkuldeep/djangoPro/0a6c329c997a935f14c9c09c26590d1c5cb56bc8/Cython-0.28.1/tests/run/pure.pyx
https://raw.githubusercontent.com/jimmykarily/pythagorean_triples/master/run.rb
https://raw.githubusercontent.com/vladzinca/pythagorean-triples/main/etapa4/ppt.rkt
https://raw.githubusercontent.com/U007D/pythagorean_triples/master/src/range_inclusive.rs
https://raw.githubusercontent.com/kikemadrigal/MSX1-Desktop-fusion-c-ahorcado/667fb085f4e253da48372e454a19d417cce088ea/fusion-c/source/lib/vdp_graph1.s
https://raw.githubusercontent.com/benjaminparker/pythagorean-triplet/master/src/main/scala/PythagoreanTriplet.scala
https://raw.githubusercontent.com/samdindyal/PythagoreanTheorem/master/PythagoreanTheorem/Triangle.swift
https://raw.githubusercontent.com/wenzhaojia2000/pythag/main/pythag.tex
https://raw.githubusercontent.com/avikor/csp_front_end/42104f36adf8020b5cafcf11c3e6bf1af7494af7/src/app/components/tabs/pythagorean-triples/pythagorean-triples.component.spec.ts
https://raw.githubusercontent.com/ingini/Quantec/f94e5a9860d57a7a6a4642e189983845f83954fa/cython%EB%AC%B8%EB%B2%95.txt
https://raw.githubusercontent.com/wahabtobibello/PythagoreanTriple/master/PythagoreanTriple/Form1.vb
https://raw.githubusercontent.com/vuejs/vue-hackernews/gh-pages/src/components/Comment.vue
