https://raw.githubusercontent.com/UCL-RITS/pi_examples/master/algol68_pi_dir/pi.a68
https://raw.githubusercontent.com/Karly-Mantilla/codeabbey-external-solutions/master/104-area-of-a-triangle/104-triangle-area.ada
https://raw.githubusercontent.com/UCL-RITS/pi_examples/master/ada_pi_dir/pi.adb
https://raw.githubusercontent.com/nanochess/pi/master/pi.asm
https://raw.githubusercontent.com/lllllll-llll-llllll/codeabbey_autoit/master/104.au3
https://raw.githubusercontent.com/BaseMax/pi/master/MonteCarlo.c
https://raw.githubusercontent.com/UCL-RITS/pi_examples/master/cobol_pi_dir/cobol_pi.cbl
https://raw.githubusercontent.com/UCL-RITS/pi_examples/master/chapel_pi_dir/nsccap_pi.chpl
https://raw.githubusercontent.com/UCL-RITS/pi_examples/master/clisp_func_pi_dir/pi.cl
https://raw.githubusercontent.com/UCL-RITS/pi_examples/master/clojure_pi_dir/pi.clj
https://raw.githubusercontent.com/JulianBirch/cljs-ajax/master/src/ajax/core.cljc
https://raw.githubusercontent.com/UCL-RITS/pi_examples/master/cpp_omp_pi_dir/calculate_pi.cpp
https://raw.githubusercontent.com/UCL-RITS/pi_examples/master/c%23_pi_dir/pi.cs
https://raw.githubusercontent.com/DevDownUnder/pi_calculator/master/style.css
https://raw.githubusercontent.com/UCL-RITS/pi_examples/master/cuda_pi_dir/calculate_pi.cu
https://raw.githubusercontent.com/UCL-RITS/pi_examples/master/cudafortran_pi_dir/pi.cuf
https://raw.githubusercontent.com/UCL-RITS/pi_examples/master/d_pi_dir/pi.d
https://gist.githubusercontent.com/simoales/2b2b7913b06a7cfd73850d10e2ec5721/raw/d3fb5f8b50e265f6fb804fd7822577d5343fb73d/area_calculator.dart
https://raw.githubusercontent.com/boryssemeniuk/Triangle/master/triangle.dpr
https://raw.githubusercontent.com/UCL-RITS/pi_examples/master/elisp_func_pi_dir/elisp-pi.el
https://raw.githubusercontent.com/PerRomin/pi_calulation/main/pi_utr.erl
https://raw.githubusercontent.com/oreillymedia/etudes-for-elixir/master/code/ch03-01/geom.ex
https://raw.githubusercontent.com/iamalexei/pi-calculator/master/pi.exs
https://raw.githubusercontent.com/UCL-RITS/pi_examples/master/c%2Bf90_mix_openmp_dir/pi.f90
https://raw.githubusercontent.com/UCL-RITS/pi_examples/master/f%23_pi_dir/pi.fs
https://raw.githubusercontent.com/omar-toma/pi-calculator/master/src/pi.go
https://raw.githubusercontent.com/UCL-RITS/pi_examples/master/groovy_pi_dir/pi.groovy
https://gist.githubusercontent.com/alecwalsh/1057564/raw/31f3566b7d86e825baad1874c7158f5b0004662a/triangle_area.h
https://raw.githubusercontent.com/zhizhen/thewar/3b5c5369072d9a09afc628d42cad640c7a4fae7c/server/include/common.hrl
https://raw.githubusercontent.com/juhnowski/pi/master/machin.hs
https://raw.githubusercontent.com/ammcdevitt/piCalculator/master/piCalculator.html
https://raw.githubusercontent.com/UCL-RITS/pi_examples/master/hy_functional_pi_dir/pi.hy
https://raw.githubusercontent.com/SEUNAKINTOLA/FingerTempToDB/master/sendTemplateToDb.ino
https://raw.githubusercontent.com/natanael87/Pi_number_MC/master/MonteCarlo_pi.ipynb
https://raw.githubusercontent.com/yanghaogn/TopCoder/master/TopCoder/src/cn/yanghao/topCoder/SRMS15/Archimedes.java
https://raw.githubusercontent.com/UCL-RITS/pi_examples/master/julia_func_pi_dir/pi.jl
https://raw.githubusercontent.com/UCL-RITS/pi_examples/master/javascript_pi_dir/pi.js
https://raw.githubusercontent.com/UCL-RITS/pi_examples/master/logo_pi_dir/pi.logo
https://raw.githubusercontent.com/UCL-RITS/pi_examples/master/lua_pi_dir/pi.lua
https://raw.githubusercontent.com/UCL-RITS/pi_examples/master/matlab_pi_dir/calcpi.m
https://raw.githubusercontent.com/UCL-RITS/pi_examples/master/maxima_pi_dir/pi.mac
https://raw.githubusercontent.com/UCL-RITS/pi_examples/master/ocaml_pi_dir/ocaml_pi.ml
https://raw.githubusercontent.com/UCL-RITS/pi_examples/master/nim_pi_dir/calculate_pi.nim
https://raw.githubusercontent.com/UCL-RITS/pi_examples/master/occam_pi_dir/pi.occ
https://raw.githubusercontent.com/UCL-RITS/pi_examples/master/raku_pi_dir/pi.p6
https://raw.githubusercontent.com/UCL-RITS/pi_examples/master/pascal_pi_dir/pi.pas
https://raw.githubusercontent.com/technicat/processing-pi/master/pi_darts/pi_darts.pde
https://raw.githubusercontent.com/UCL-RITS/pi_examples/master/php_pi_dir/pi.php
https://raw.githubusercontent.com/UCL-RITS/pi_examples/master/prolog_pi_dir/pi.pl
https://raw.githubusercontent.com/UCL-RITS/pi_examples/master/gdl_pi_dir/calcpi.pro
https://raw.githubusercontent.com/UCL-RITS/pi_examples/master/powershell_pi_dir/pi.ps1
https://raw.githubusercontent.com/xoancosmed/Calculate-Pi/master/Polygons/Polygons.py
https://raw.githubusercontent.com/UCL-RITS/pi_examples/master/cython_function_pi_dir/cython_pi.pyx
https://raw.githubusercontent.com/UCL-RITS/pi_examples/master/r_pi_dir/pi.r
https://raw.githubusercontent.com/UCL-RITS/pi_examples/master/ruby_pi_dir/pi.rb
https://raw.githubusercontent.com/UCL-RITS/pi_examples/master/rexx_pi_dir/pi.rexx
https://raw.githubusercontent.com/UCL-RITS/pi_examples/master/racket_func_pi_dir/pi.rkt
https://raw.githubusercontent.com/UCL-RITS/pi_examples/master/rust_pi_dir/pi.rs
https://raw.githubusercontent.com/kikemadrigal/MSX1-Desktop-fusion-c-ahorcado/667fb085f4e253da48372e454a19d417cce088ea/fusion-c/source/lib/vdp_graph1.s
https://raw.githubusercontent.com/Karly-Mantilla/codeabbey-external-solutions/master/104-area-of-a-triangle/104-triangle-area.sa
https://raw.githubusercontent.com/UCL-RITS/pi_examples/master/scala_pi_dir/pi.scala
https://raw.githubusercontent.com/UCL-RITS/pi_examples/master/chicken_pi_dir/pi.scm
https://raw.githubusercontent.com/UCL-RITS/pi_examples/master/bash_dist_pi_dir/run.sh
https://raw.githubusercontent.com/UCL-RITS/pi_examples/master/gambit_pi_dir/pi.six
https://raw.githubusercontent.com/UCL-RITS/pi_examples/master/smalltalk_pi_dir/pi.st
https://raw.githubusercontent.com/UCL-RITS/pi_examples/master/swift_func_pi_dir/pi.swift
https://raw.githubusercontent.com/CarsonBull/PiCalculator/master/t/02-run.t
https://raw.githubusercontent.com/mhaidn-tgm/BalancedPI/master/doc/BalancedPI_Haidn.tex
https://raw.githubusercontent.com/UCL-RITS/pi_examples/master/vb_pi_dir/pi.vb
https://raw.githubusercontent.com/vuejs/vue-hackernews/gh-pages/src/components/Comment.vue
https://raw.githubusercontent.com/UCL-RITS/pi_examples/master/wolfram_pi_dir/pi.wl
