https://raw.githubusercontent.com/goops17/Assembly/master/triangle.asm
https://raw.githubusercontent.com/lllllll-llll-llllll/codeabbey_autoit/master/104.au3
https://raw.githubusercontent.com/Karly-Mantilla/codeabbey-external-solutions/master/104-area-of-a-triangle/104-triangle-area.b
https://raw.githubusercontent.com/phuclevinh2000/CodeAbbey/master/Triangle%20Area.c
https://raw.githubusercontent.com/chapeldev/cdo/master/example/exmysql.chpl
https://raw.githubusercontent.com/lagenorhynque/PythagoreanTripleGenerator/master/pythagorean_triple_generator.clj
https://raw.githubusercontent.com/JulianBirch/cljs-ajax/master/src/ajax/core.cljc
https://gist.githubusercontent.com/brentropy/7090169/raw/a1f3b297b98540343f58a5150812f8cd75ce295d/pascals-triangle.coffee
https://raw.githubusercontent.com/mmp/pbrt-v3/master/src/shapes/triangle.cpp
https://raw.githubusercontent.com/frankh/crystal-pascal/master/src/pascal.cr
https://raw.githubusercontent.com/AleksandrSD/CodeAbbeyProblems/master/Problem104/Program.cs
https://raw.githubusercontent.com/Ihor-B/PHP-OOP-Counting-Pythagorean-Triples/master/assets/css/style.css
https://raw.githubusercontent.com/pastelito02/Challenges-sol/master/Programming/Codeabbey/104/Ratzenfutz.d
https://gist.githubusercontent.com/simoales/2b2b7913b06a7cfd73850d10e2ec5721/raw/d3fb5f8b50e265f6fb804fd7822577d5343fb73d/area_calculator.dart
https://raw.githubusercontent.com/boryssemeniuk/Triangle/master/triangle.dpr
https://gist.githubusercontent.com/theaspect/bacf67baca9c38de6ec481b025dbc5e1/raw/cfef7bac3dac8d0e5e382f27ae0b3e760643ea19/assignment1.erl
https://raw.githubusercontent.com/oreillymedia/etudes-for-elixir/master/code/ch03-01/geom.ex
https://raw.githubusercontent.com/Karly-Mantilla/codeabbey-external-solutions/master/104-area-of-a-triangle/104-triangle-area.f
https://raw.githubusercontent.com/pclumson/FORTRAN/main/trangle.f90
https://raw.githubusercontent.com/aditi0009/Triangle_area/master/triangle_area.f95
https://raw.githubusercontent.com/Planet-Source-Code/shark-pythagorean-triples-enhanced__1-53571/master/p4.frm
https://raw.githubusercontent.com/Karly-Mantilla/codeabbey-external-solutions/master/104-area-of-a-triangle/104-triangle-area.fs
https://raw.githubusercontent.com/pastelito02/Challenges-sol/master/Programming/Codeabbey/104/ASuleymanov.go
https://gist.githubusercontent.com/alecwalsh/1057564/raw/31f3566b7d86e825baad1874c7158f5b0004662a/triangle_area.h
https://raw.githubusercontent.com/zhizhen/thewar/3b5c5369072d9a09afc628d42cad640c7a4fae7c/server/include/common.hrl
https://raw.githubusercontent.com/pastelito02/Challenges-sol/master/Programming/Codeabbey/104/bratpiorka.hs
https://gist.githubusercontent.com/otopxy1/e4ee3eb9974338dab6b6e01f1700b226/raw/c3b6313c3ba4336b777751a38da5882ba05b0332/Area%2520of%2520a%2520triangle.html
https://raw.githubusercontent.com/SEUNAKINTOLA/FingerTempToDB/master/sendTemplateToDb.ino
https://raw.githubusercontent.com/BrianGMcEnery/pythagorean-triples/main/notebooks/PythagoreanTriples.ipynb
https://raw.githubusercontent.com/dvirazulay/homework/master/intro/assignment5/Triangle.java
https://raw.githubusercontent.com/pastelito02/Challenges-sol/master/Programming/Codeabbey/104/alemelis.jl
https://raw.githubusercontent.com/mapbox/earcut/master/src/earcut.js
https://raw.githubusercontent.com/Ramarren/cl-geometry/master/package.lisp
https://raw.githubusercontent.com/Karly-Mantilla/codeabbey-external-solutions/master/104-area-of-a-triangle/104-triangle-area.lsp
https://raw.githubusercontent.com/pastelito02/Challenges-sol/master/Programming/Codeabbey/104/pach092.lua
https://raw.githubusercontent.com/raphi011/evc/master/1/Triangles.m
https://gist.githubusercontent.com/listochkin/1200393/raw/0f745bcbd38543af3bd97ddac538b0765708b3fa/gistfile1.md
https://raw.githubusercontent.com/pastelito02/Challenges-sol/master/Programming/Codeabbey/104/IIIIkuoaIIII.ml
https://raw.githubusercontent.com/sblendorio/pythagorean-triples/master/source/pythagor.mod
https://raw.githubusercontent.com/ISS-RabbitEars/pythagorean_triples_mathematica/main/pythtrip.nb
https://raw.githubusercontent.com/Karly-Mantilla/codeabbey-external-solutions/master/104-area-of-a-triangle/104-triangle-area.ocaml
https://raw.githubusercontent.com/Simonecimolato/Triples/master/pitagora.pde
https://raw.githubusercontent.com/pastelito02/Challenges-sol/master/Programming/Codeabbey/104/Dant12345.php
https://raw.githubusercontent.com/pastelito02/Challenges-sol/master/Programming/Codeabbey/104/pearl_barley.pl
https://raw.githubusercontent.com/VFPX/FoxUnit/master/FoxUnit/Tests/ThorTest.prg
https://raw.githubusercontent.com/ValeWasTaken/CodeAbbey_Solutions/master/Python/id104-Triangle_Area.py
https://raw.githubusercontent.com/geekkuldeep/djangoPro/0a6c329c997a935f14c9c09c26590d1c5cb56bc8/Cython-0.28.1/tests/run/pure.pyx
https://raw.githubusercontent.com/pastelito02/Challenges-sol/master/Programming/Codeabbey/104/agraham943.rb
https://raw.githubusercontent.com/vladzinca/pythagorean-triples/main/etapa4/ppt.rkt
https://raw.githubusercontent.com/Bcpoole/rust-opengl-triangle/master/src/triangle.rs
https://raw.githubusercontent.com/kikemadrigal/MSX1-Desktop-fusion-c-ahorcado/667fb085f4e253da48372e454a19d417cce088ea/fusion-c/source/lib/vdp_graph1.s
https://raw.githubusercontent.com/Karly-Mantilla/codeabbey-external-solutions/master/104-area-of-a-triangle/104-triangle-area.sa
https://gist.githubusercontent.com/mmakowski/379028/raw/51a452c48db5f94fce369e2e5ead0ba98bc45d75/AreaCalculator.scala
https://raw.githubusercontent.com/NaveenJanarthanan/SchemeProgram/master/threepoints.scm
https://raw.githubusercontent.com/Karly-Mantilla/codeabbey-external-solutions/master/104-area-of-a-triangle/104-triangle-area.swift
https://raw.githubusercontent.com/wenzhaojia2000/pythag/main/pythag.tex
https://raw.githubusercontent.com/basit21740/ics4u-assigment04-ts/main/src/TriangleClassFile.ts
https://raw.githubusercontent.com/Karly-Mantilla/codeabbey-external-solutions/master/104-area-of-a-triangle/104-triangle-area.vb
https://raw.githubusercontent.com/vuejs/vue-hackernews/gh-pages/src/components/Comment.vue
